Microchip MPLAB XC8 Compiler V2.05 ()

Linker command line:

-W-3 --edf=/opt/microchip/xc8/v2.05/pic/dat/en_msgs.txt -cs \
  -h+dist/fm_simu/debug/firmware.debug.sym \
  --cmf=dist/fm_simu/debug/firmware.debug.cmf -z -Q18F45K50 \
  -o/tmp/xcXRs8Tgg --defsym=__MPLAB_BUILD=1 \
  -Mdist/fm_simu/debug/firmware.debug.map -E1 -ver=XC8 --acfsm=1493 \
  -ASTACK=014Eh-03FFh -pstack=STACK -ACODE=00h-07FFFh -ACONST=00h-07FFFh \
  -ASMALLCONST=0800h-08FFhx120 -AMEDIUMCONST=0800h-07FFFh -ACOMRAM=01h-05Fh \
  -AABS1=00h-07FFh -ABIGRAM=01h-07FFh -ARAM=060h-0FFh,0100h-01FFhx7 \
  -ABANK0=060h-0FFh -ABANK1=0100h-01FFh -ABANK2=0200h-02FFh \
  -ABANK3=0300h-03FFh -ABANK4=0400h-04FFh -ABANK5=0500h-05FFh \
  -ABANK6=0600h-06FFh -ABANK7=0700h-07FFh -ASFR=0F53h-0F5Fh,0F60h-0FFFh \
  -preset_vec=00h,intcode=08h,intcodelo,powerup,init -pramtop=0800h \
  -psmallconst=SMALLCONST -pmediumconst=MEDIUMCONST -pconst=CONST \
  -AFARRAM=00h-00h -ACONFIG=0300000h-030000Dh -pconfig=CONFIG \
  -AIDLOC=0200000h-0200007h -pidloc=IDLOC -AEEDATA=0F00000h-0F000FFh \
  -peeprom_data=EEDATA \
  -prdata=COMRAM,nvrram=COMRAM,nvbit=COMRAM,rbss=COMRAM,rbit=COMRAM \
  -pfarbss=FARRAM,fardata=FARRAM,nvFARRAM=FARRAM \
  -pintsave_regs=BIGRAM,bigbss=BIGRAM,bigdata=BIGRAM -pbss=RAM \
  -pidata=CODE,irdata=CODE,ibigdata=CODE,ifardata=CODE -prparam=COMRAM \
  /tmp/xcXu9eOF2.o dist/fm_simu/debug/firmware.debug.o 

Object code version is 3.11

Machine type is 18F45K50

Call graph: (short form)




                Name                               Link     Load   Length Selector   Space Scale
/tmp/xcXu9eOF2.o
                init                                 72       72        4        4       0
                reset_vec                             0        0        4        0       0
                idloc                            200000   200000        8   200000       0
                config                           300000   300000        E   300000       0
dist/fm_simu/debug/firmware.debug.o
                intcode                               8        8       6A        4       0
                temp                                 57       57        1        1       1
                smallconst                          800      800       E8      400       0
                text54                             209C     209C       CC      474       0
                text53                             2B3A     2B3A       3A      474       0
                text52                             2B00     2B00       3A      474       0
                text51                             2AC2     2AC2       3E      474       0
                text50                             2D1E     2D1E        A      474       0
                text49                             1D1A     1D1A       EA      474       0
                text48                             2168     2168       C4      474       0
                text47                             1442     1442      130      474       0
                text46                             279C     279C       5C      474       0
                text45                             24B8     24B8       94      474       0
                text44                             2B74     2B74       38      474       0
                text43                             1C18     1C18      102      474       0
                text42                             2736     2736       66      474       0
                text41                             2660     2660       6C      474       0
                text40                             2D0C     2D0C       12      474       0
                text39                             2CDA     2CDA       1E      474       0
                text38                             1A06     1A06      10C      474       0
                text37                             2C3C     2C3C       2E      474       0
                text36                             293C     293C       46      474       0
                text35                             28A2     28A2       50      474       0
                text34                             238A     238A       98      474       0
                text33                              C9E      C9E      26E      474       0
                text32                             10A4     10A4      138      474       0
                text31                             222C     222C       C0      474       0
                text30                             1310     1310      132      474       0
                text29                             1FC8     1FC8       D4      474       0
                text28                             1E04     1E04       E4      474       0
                text27                             22EC     22EC       9E      474       0
                text26                             1EE8     1EE8       E0      474       0
                text25                             254C     254C       90      474       0
                text24                             2982     2982       44      474       0
                text23                             2422     2422       96      474       0
                text22                             2CBC     2CBC       1E      474       0
                text21                             29C6     29C6       42      474       0
                text20                             2C6A     2C6A       2C      474       0
                text19                             2BAC     2BAC       32      474       0
                text18                             169E     169E      12C      474       0
                text17                             17CA     17CA      124      474       0
                text15                             2A84     2A84       3E      474       0
                text14                             2A46     2A46       3E      474       0
                text13                             2A08     2A08       3E      474       0
                text12                             2C96     2C96       26      474       0
                text11                             26CC     26CC       6A      474       0
                text10                             18EE     18EE      118      474       0
                text9                              25DC     25DC       84      474       0
                text8                              1B12     1B12      106      474       0
                text7                              11DC     11DC      134      474       0
                text6                               8E8      8E8      3B6      474       0
                text5                              2C0E     2C0E       2E      474       0
                text4                              28F2     28F2       4A      474       0
                text3                              284E     284E       54      474       0
                text2                              2BDE     2BDE       30      474       0
                text1                              1572     1572      12C      474       0
                text0                              2CF8     2CF8       14      474       0
                cstackCOMRAM                         2C       2C       2B        1       1
                cstackBANK0                          D4       D4       12       60       1
                cstackBANK1                         130      130       1E      100       1
                dataBIGRAMl                         509      509      198      509       1
                bssBANK1                            100      100       30      100       1
                bssBANK0                             60       60       74       60       1
                bssCOMRAM                             1        1       2B        1       1
                cinit                              27F8     27F8       56      474       0
                idataBIGRAMl                        F0C      F0C      198      474       0

TOTAL           Name                               Link     Load   Length     Space
        CLASS   STACK          

        CLASS   CODE           
                intcode                               8        8       6A         0
                init                                 72       72        4         0
                reset_vec                             0        0        4         0
                text54                             209C     209C       CC         0
                text53                             2B3A     2B3A       3A         0
                text52                             2B00     2B00       3A         0
                text51                             2AC2     2AC2       3E         0
                text50                             2D1E     2D1E        A         0
                text49                             1D1A     1D1A       EA         0
                text48                             2168     2168       C4         0
                text47                             1442     1442      130         0
                text46                             279C     279C       5C         0
                text45                             24B8     24B8       94         0
                text44                             2B74     2B74       38         0
                text43                             1C18     1C18      102         0
                text42                             2736     2736       66         0
                text41                             2660     2660       6C         0
                text40                             2D0C     2D0C       12         0
                text39                             2CDA     2CDA       1E         0
                text38                             1A06     1A06      10C         0
                text37                             2C3C     2C3C       2E         0
                text36                             293C     293C       46         0
                text35                             28A2     28A2       50         0
                text34                             238A     238A       98         0
                text33                              C9E      C9E      26E         0
                text32                             10A4     10A4      138         0
                text31                             222C     222C       C0         0
                text30                             1310     1310      132         0
                text29                             1FC8     1FC8       D4         0
                text28                             1E04     1E04       E4         0
                text27                             22EC     22EC       9E         0
                text26                             1EE8     1EE8       E0         0
                text25                             254C     254C       90         0
                text24                             2982     2982       44         0
                text23                             2422     2422       96         0
                text22                             2CBC     2CBC       1E         0
                text21                             29C6     29C6       42         0
                text20                             2C6A     2C6A       2C         0
                text19                             2BAC     2BAC       32         0
                text18                             169E     169E      12C         0
                text17                             17CA     17CA      124         0
                text15                             2A84     2A84       3E         0
                text14                             2A46     2A46       3E         0
                text13                             2A08     2A08       3E         0
                text12                             2C96     2C96       26         0
                text11                             26CC     26CC       6A         0
                text10                             18EE     18EE      118         0
                text9                              25DC     25DC       84         0
                text8                              1B12     1B12      106         0
                text7                              11DC     11DC      134         0
                text6                               8E8      8E8      3B6         0
                text5                              2C0E     2C0E       2E         0
                text4                              28F2     28F2       4A         0
                text3                              284E     284E       54         0
                text2                              2BDE     2BDE       30         0
                text1                              1572     1572      12C         0
                text0                              2CF8     2CF8       14         0
                cinit                              27F8     27F8       56         0
                idataBIGRAMl                        F0C      F0C      198         0

        CLASS   CONST          

        CLASS   SMALLCONST     
                smallconst                          800      800       E8         0

        CLASS   MEDIUMCONST    

        CLASS   COMRAM         
                temp                                 57       57        1         1
                cstackCOMRAM                         2C       2C       2B         1
                bssCOMRAM                             1        1       2B         1

        CLASS   ABS1           
                abs_s1                              400      400       30         1
                abs_s1                              500      500        9         1

        CLASS   BIGRAM         
                dataBIGRAMl                         509      509      198         1

        CLASS   RAM            

        CLASS   BANK0          
                cstackBANK0                          D4       D4       12         1
                bssBANK0                             60       60       74         1

        CLASS   BANK1          
                cstackBANK1                         130      130       1E         1
                bssBANK1                            100      100       30         1

        CLASS   BANK2          

        CLASS   BANK3          

        CLASS   BANK4          

        CLASS   BANK5          

        CLASS   BANK6          

        CLASS   BANK7          

        CLASS   SFR            

        CLASS   FARRAM         

        CLASS   CONFIG         
                config                           300000   300000        E         0

        CLASS   IDLOC          
                idloc                            200000   200000        8         0

        CLASS   EEDATA         



SEGMENTS        Name                           Load    Length   Top    Selector   Space  Class

                reset_vec                      000000  000004  000004         0       0  CODE    
                bssCOMRAM                      000001  000057  000058         1       1  COMRAM  
                intcode                        000008  00006E  000076         4       0  CODE    
                bssBANK0                       000060  000086  0000E6        60       1  BANK0   
                bssBANK1                       000100  00004E  00014E       100       1  BANK1   
                dataBIGRAMl                    000509  000198  0006A1       509       1  BIGRAM  
                smallconst                     000800  0000E8  0008E8       400       0  SMALLCON
                text6                          0008E8  002440  002D28       474       0  CODE    
                idloc                          200000  000008  200008    200000       0  IDLOC   
                config                         300000  00000E  30000E    300000       0  CONFIG  


UNUSED ADDRESS RANGES

        Name                Unused          Largest block    Delta
        BANK0            0000E6-0000FF               1A
        BANK1            00014E-0001FF               B2
        BANK2            000200-0002FF              100
        BANK3            000300-0003FF              100
        BANK4            000430-0004FF               D0
        BANK6            0006A1-0006FF               5F
        BANK7            000700-0007FF              100
        BIGRAM           000058-00005F                8
                         0000E6-0000FF               1A
                         00014E-0003FF              2B2
                         000430-0004FF               D0
                         0006A1-0007FF              15F
        CODE             000004-000007                4
                         000076-0007FF              78A
                         002D28-007FFF             52D8
        COMRAM           000058-00005F                8
        CONST            000004-000007                4
                         000076-0007FF              78A
                         002D28-007FFF             52D8
        EEDATA           F00000-F000FF              100
        MEDIUMCONST      002D28-007FFF             52D8
        RAM              0000E6-0000FF               1A
                         00014E-0003FF              100
                         000430-0004FF               D0
                         0006A1-0007FF               5F
        SFR              000F53-000FFF                D
        SMALLCONST       002D28-007FFF              100
        STACK            00014E-0003FF              2B2

                                  Symbol Table

?_USBTransferOnePacket                      cstackBANK0  0000D4
?i2_USBTransferOnePacket                    cstackCOMRAM 00002C
APP_KeyboardTasks@5629                      cstackBANK1  000138
APP_KeyboardTasks@5631                      cstackBANK1  00013B
APP_KeyboardTasks@5633                      cstackBANK1  00013E
APP_KeyboardTasks@F5628                     bssBANK0     0000C4
APP_KeyboardTasks@F5630                     bssBANK0     0000C1
APP_KeyboardTasks@F5632                     bssBANK0     0000BE
APP_KeyboardTasks@TimeDeltaMilliseconds     cstackBANK1  000147
APP_KeyboardTasks@ep2buf                    cstackBANK1  000130
APP_KeyboardTasks@i                         cstackBANK1  00014A
APP_KeyboardTasks@j                         cstackBANK1  000143
APP_KeyboardTasks@j_2385                    cstackBANK1  00014D
APP_KeyboardTasks@j_2397                    cstackBANK1  000144
APP_KeyboardTasks@j_2398                    cstackBANK1  000145
APP_KeyboardTasks@j_2401                    cstackBANK1  000149
APP_KeyboardTasks@j_2406                    cstackBANK1  00014B
APP_KeyboardTasks@j_2407                    cstackBANK1  00014C
APP_KeyboardTasks@j_2408                    cstackBANK1  000146
APP_KeyboardTasks@needToSendNewReportPacket cstackBANK1  000142
APP_KeyboardTasks@shd_send                  cstackBANK1  000141
APP_LEDUpdateUSBStatus@ledCount             bssCOMRAM    000009
AddToSendList@keyCode                       cstackBANK0  0000D4
LED_Enable@led                              cstackBANK0  0000D6
LED_Off@led                                 cstackBANK0  0000D6
LED_On@led                                  cstackBANK0  0000D6
ProcessKeyboard@latWriter                   cstackBANK0  0000E3
ProcessKeyboard@line                        cstackBANK0  0000E2
ProcessKeyboard@n                           cstackBANK0  0000DF
ProcessKeyboard@n_2349                      cstackBANK0  0000E0
ProcessKeyboard@n_2350                      cstackBANK0  0000E1
ProcessLine@filt                            cstackBANK0  0000DD
ProcessLine@i                               cstackBANK0  0000DE
ProcessLine@lineNo                          cstackBANK0  0000DB
ProcessLine@readBuf                         cstackBANK0  0000DC
SYSTEM_Initialize@state                     cstackBANK0  0000D9
SortSendList@5610                           cstackBANK0  0000D6
SortSendList@F5609                          bssBANK0     0000C7
SortSendList@i                              cstackBANK0  0000DA
SortSendList@j                              cstackBANK0  0000D9
USBConfigureEndpoint@EPNum                  cstackCOMRAM 000031
USBConfigureEndpoint@direction              cstackCOMRAM 00002C
USBConfigureEndpoint@handle                 cstackCOMRAM 000032
USBCtrlTrfInHandler@lastDTS                 cstackCOMRAM 00002F
USBCtrlTrfRxService@byteToRead              cstackCOMRAM 000030
USBCtrlTrfRxService@i                       cstackCOMRAM 00002F
USBCtrlTrfTxService@byteToSend              cstackCOMRAM 00002C
USBDeviceInit@i                             cstackBANK0  0000E0
USBDeviceTasks@i                            cstackCOMRAM 00004A
USBEnableEndpoint@ep                        cstackCOMRAM 000037
USBEnableEndpoint@options                   cstackCOMRAM 000034
USBEnableEndpoint@p                         cstackCOMRAM 000035
USBHIDCBSetIdleRateHandler@newIdleRate      cstackCOMRAM 00002C
USBHIDCBSetIdleRateHandler@reportID         cstackCOMRAM 00002D
USBStdFeatureReqHandler@current_ep_data     cstackCOMRAM 000044
USBStdFeatureReqHandler@p                   cstackCOMRAM 000045
USBStdFeatureReqHandler@pUEP                cstackCOMRAM 000042
USBStdGetStatusHandler@p                    cstackCOMRAM 00002E
USBStdSetCfgHandler@i                       cstackCOMRAM 000040
USBTransferOnePacket@data                   cstackBANK0  0000D5
USBTransferOnePacket@dir                    cstackBANK0  0000D4
USBTransferOnePacket@ep                     cstackBANK0  0000DC
USBTransferOnePacket@handle                 cstackBANK0  0000DD
USBTransferOnePacket@len                    cstackBANK0  0000D7
USER_USB_CALLBACK_EVENT_HANDLER@event       cstackCOMRAM 000038
USER_USB_CALLBACK_EVENT_HANDLER@pdata       cstackCOMRAM 00003A
USER_USB_CALLBACK_EVENT_HANDLER@size        cstackCOMRAM 00003C
_ACTCON                                     (abs)        000FB5
_ANSELA                                     (abs)        000F5B
_ANSELB                                     (abs)        000F5C
_ANSELC                                     (abs)        000F5D
_ANSELD                                     (abs)        000F5E
_ANSELEbits                                 (abs)        000F5F
_APP_KeyboardInit                           text42       002736
_APP_KeyboardProcessOutputReport            text13       002A08
_APP_KeyboardTasks                          text6        0008E8
_APP_LEDUpdateUSBStatus                     text41       002660
_AddToSendList                              text12       002C96
_BDT                                        (abs)        000400
_BUTTON_Enable                              text5        002C0E
_BothEP0OutUOWNsSet                         bssCOMRAM    000020
_CharKeyList                                bssBANK0     000060
_CharListCount                              bssCOMRAM    000017
_CodeChart                                  dataBIGRAMl  000509
_CtrlTrfData                                (abs)        000428
_EP2KeyList                                 bssBANK1     000100
_EP2ListCount                               bssCOMRAM    000015
_INTCONbits                                 (abs)        000FF2
_IPR3bits                                   (abs)        000FA5
_LATB                                       (abs)        000F8A
_LATC                                       (abs)        000F8B
_LATD                                       (abs)        000F8C
_LATEbits                                   (abs)        000F8D
_LED_Enable                                 text4        0028F2
_LED_Off                                    text15       002A84
_LED_On                                     text14       002A46
_LocalSOFCount                              bssBANK0     0000CC
_ModKeyList                                 bssBANK1     000118
_ModListCount                               bssCOMRAM    000016
_OSCCON                                     (abs)        000FD3
_OSCCON2                                    (abs)        000FD2
_OSCCON2bits                                (abs)        000FD2
_OSCTUNE                                    (abs)        000F9B
_OldSOFCount                                bssCOMRAM    00000B
_PIE3bits                                   (abs)        000FA3
_PIR3bits                                   (abs)        000FA4
_PORTA                                      (abs)        000F80
_PORTBbits                                  (abs)        000F81
_ProcessKeyboard                            text9        0025DC
_ProcessLine                                text11       0026CC
_RCONbits                                   (abs)        000FD0
_RemoteWakeup                               bssCOMRAM    000023
_SOFCounter                                 bssCOMRAM    00000D
_SYSTEM_Initialize                          text3        00284E
_SYS_InterruptHigh                          intcode      000008
_SendList                                   bssBANK0     000078
_SendListCount                              bssCOMRAM    000018
_SetupPkt                                   (abs)        000420
_SortSendList                               text10       0018EE
_TRISA                                      (abs)        000F92
_TRISB                                      (abs)        000F93
_TRISC                                      (abs)        000F94
_TRISD                                      (abs)        000F95
_TRISEbits                                  (abs)        000F96
_UADDR                                      (abs)        000F63
_UCFG                                       (abs)        000F62
_UCON                                       (abs)        000F60
_UCONbits                                   (abs)        000F60
_UEIE                                       (abs)        000F66
_UEIR                                       (abs)        000F67
_UEP0                                       (abs)        000F6A
_UEP0bits                                   (abs)        000F6A
_UEP1                                       (abs)        000F6B
_UIE                                        (abs)        000F64
_UIEbits                                    (abs)        000F64
_UIR                                        (abs)        000F65
_UIRbits                                    (abs)        000F65
_USB1msTickCount                            bssCOMRAM    000005
_USBActiveConfiguration                     bssCOMRAM    00002B
_USBAlternateInterface                      bssCOMRAM    00002A
_USBBusIsSuspended                          bssCOMRAM    000022
_USBCheckHIDRequest                         text38       001A06
_USBCheckStdRequest                         text28       001E04
_USBConfigureEndpoint                       text45       0024B8
_USBCtrlEPAllowDataStage                    text27       0022EC
_USBCtrlEPAllowStatusStage                  text48       002168
_USBCtrlEPService                           text23       002422
_USBCtrlEPServiceComplete                   text26       001EE8
_USBCtrlTrfInHandler                        text49       001D1A
_USBCtrlTrfOutHandler                       text46       00279C
_USBCtrlTrfRxService                        text47       001442
_USBCtrlTrfSetupHandler                     text25       00254C
_USBCtrlTrfTxService                        text54       00209C
_USBDeferINDataStagePackets                 bssCOMRAM    00001B
_USBDeferOUTDataStagePackets                bssCOMRAM    00001A
_USBDeferStatusStagePacket                  bssCOMRAM    00001E
_USBDeviceAttach                            text2        002BDE
_USBDeviceInit                              text1        001572
_USBDeviceState                             bssCOMRAM    000026
_USBDeviceTasks                             text17       0017CA
_USBEnableEndpoint                          text44       002B74
_USBHIDCBSetIdleRateHandler                 text40       002D0C
_USBHIDCBSetReportComplete                  text50       002D1E
_USBHIDCBSetReportHandler                   text39       002CDA
_USBIncrement1msInternalTimers              text22       002CBC
_USBStallHandler                            text21       0029C6
_USBStatusStageEnabledFlag1                 bssCOMRAM    00001D
_USBStatusStageEnabledFlag2                 bssCOMRAM    00001C
_USBStatusStageTimeoutCounter               bssCOMRAM    00001F
_USBStdFeatureReqHandler                    text33       000C9E
_USBStdGetDscHandler                        text32       0010A4
_USBStdGetStatusHandler                     text31       00222C
_USBStdSetCfgHandler                        text29       001FC8
_USBSuspend                                 text20       002C6A
_USBTicksSinceSuspendEnd                    bssCOMRAM    000019
_USBTransferOnePacket                       text8        001B12
_USBWakeFromSuspend                         text19       002BAC
_USB_CD_Ptr                                 smallconst   000807
_USB_SD_Ptr                                 smallconst   000801
_USER_USB_CALLBACK_EVENT_HANDLER            text34       00238A
_USTAT                                      (abs)        000F61
_USTATcopy                                  bssCOMRAM    000029
__CFG_BOREN$SBORDIS                         (abs)        000000
__CFG_BORV$190                              (abs)        000000
__CFG_CCP2MX$RC1                            (abs)        000000
__CFG_CFGPLLEN$ON                           (abs)        000000
__CFG_CP0$OFF                               (abs)        000000
__CFG_CP1$OFF                               (abs)        000000
__CFG_CP2$OFF                               (abs)        000000
__CFG_CP3$OFF                               (abs)        000000
__CFG_CPB$OFF                               (abs)        000000
__CFG_CPD$OFF                               (abs)        000000
__CFG_CPUDIV$NOCLKDIV                       (abs)        000000
__CFG_EBTR0$OFF                             (abs)        000000
__CFG_EBTR1$OFF                             (abs)        000000
__CFG_EBTR2$OFF                             (abs)        000000
__CFG_EBTR3$OFF                             (abs)        000000
__CFG_EBTRB$OFF                             (abs)        000000
__CFG_FCMEN$OFF                             (abs)        000000
__CFG_FOSC$INTOSCIO                         (abs)        000000
__CFG_ICPRT$OFF                             (abs)        000000
__CFG_IESO$OFF                              (abs)        000000
__CFG_LS48MHZ$SYS24X4                       (abs)        000000
__CFG_LVP$OFF                               (abs)        000000
__CFG_MCLRE$ON                              (abs)        000000
__CFG_PBADEN$OFF                            (abs)        000000
__CFG_PCLKEN$ON                             (abs)        000000
__CFG_PLLSEL$PLL3X                          (abs)        000000
__CFG_SDOMX$RC7                             (abs)        000000
__CFG_STVREN$ON                             (abs)        000000
__CFG_T3CMX$RC0                             (abs)        000000
__CFG_WDTEN$SWON                            (abs)        000000
__CFG_WDTPS$32768                           (abs)        000000
__CFG_WRT0$OFF                              (abs)        000000
__CFG_WRT1$OFF                              (abs)        000000
__CFG_WRT2$OFF                              (abs)        000000
__CFG_WRT3$OFF                              (abs)        000000
__CFG_WRTB$OFF                              (abs)        000000
__CFG_WRTC$OFF                              (abs)        000000
__CFG_WRTD$OFF                              (abs)        000000
__CFG_XINST$OFF                             (abs)        000000
__CFG_nLPBOR$ON                             (abs)        000000
__CFG_nPWRTEN$OFF                           (abs)        000000
__HRAM                                      (abs)        000000
__Habs1                                     abs1         000000
__Hbank0                                    bank0        000000
__Hbank1                                    bank1        000000
__Hbank2                                    bank2        000000
__Hbank3                                    bank3        000000
__Hbank4                                    bank4        000000
__Hbank5                                    bank5        000000
__Hbank6                                    bank6        000000
__Hbank7                                    bank7        000000
__Hbigbss                                   bigbss       000000
__Hbigdata                                  bigdata      000000
__Hbigram                                   bigram       000000
__Hbss                                      bss          000000
__HbssBANK0                                 bssBANK0     000000
__HbssBANK1                                 bssBANK1     000000
__HbssCOMRAM                                bssCOMRAM    000000
__Hcinit                                    cinit        000000
__Hclrtext                                  clrtext      000000
__Hcomram                                   comram       000000
__Hconfig                                   config       30000E
__Hconst                                    const        000000
__HcstackBANK0                              cstackBANK0  000000
__HcstackBANK1                              cstackBANK1  000000
__HcstackCOMRAM                             cstackCOMRAM 000000
__Hdata                                     data         000000
__HdataBIGRAMl                              dataBIGRAMl  000000
__Heeprom_data                              eeprom_data  000000
__Hfarbss                                   farbss       000000
__Hfardata                                  fardata      000000
__Hibigdata                                 ibigdata     000000
__Hidata                                    idata        000000
__HidataBIGRAMl                             idataBIGRAMl 000000
__Hidloc                                    idloc        200008
__Hifardata                                 ifardata     000000
__Hinit                                     init         000076
__Hintcode                                  intcode      000072
__Hintcode_body                             intcode_body 000000
__Hintcodelo                                intcodelo    000072
__Hintentry                                 intentry     000000
__Hintret                                   intret       000000
__Hintsave_regs                             intsave_regs 000000
__Hirdata                                   irdata       000000
__Hmediumconst                              mediumconst  000000
__HnvFARRAM                                 nvFARRAM     000000
__Hnvbit                                    nvbit        000000
__Hnvrram                                   nvrram       000000
__Hparam                                    rparam       000000
__Hpowerup                                  powerup      000072
__Hram                                      ram          000000
__Hramtop                                   ramtop       000800
__Hrbit                                     rbit         000000
__Hrbss                                     rbss         000000
__Hrdata                                    rdata        000000
__Hreset_vec                                reset_vec    000004
__Hrparam                                   rparam       000000
__Hsfr                                      sfr          000000
__Hsmallconst                               smallconst   0008E8
__Hspace_0                                  (abs)        30000E
__Hspace_1                                  (abs)        0006A1
__Hspace_2                                  (abs)        000000
__Hstack                                    stack        000000
__Hstruct                                   struct       000000
__Htemp                                     temp         000058
__Htext                                     text         000000
__Htext0                                    text0        000000
__Htext1                                    text1        000000
__Htext10                                   text10       000000
__Htext11                                   text11       000000
__Htext12                                   text12       000000
__Htext13                                   text13       000000
__Htext14                                   text14       000000
__Htext15                                   text15       000000
__Htext17                                   text17       000000
__Htext18                                   text18       000000
__Htext19                                   text19       000000
__Htext2                                    text2        000000
__Htext20                                   text20       000000
__Htext21                                   text21       000000
__Htext22                                   text22       000000
__Htext23                                   text23       000000
__Htext24                                   text24       000000
__Htext25                                   text25       000000
__Htext26                                   text26       000000
__Htext27                                   text27       000000
__Htext28                                   text28       000000
__Htext29                                   text29       000000
__Htext3                                    text3        000000
__Htext30                                   text30       000000
__Htext31                                   text31       000000
__Htext32                                   text32       000000
__Htext33                                   text33       000000
__Htext34                                   text34       000000
__Htext35                                   text35       000000
__Htext36                                   text36       000000
__Htext37                                   text37       000000
__Htext38                                   text38       000000
__Htext39                                   text39       000000
__Htext4                                    text4        000000
__Htext40                                   text40       000000
__Htext41                                   text41       000000
__Htext42                                   text42       000000
__Htext43                                   text43       000000
__Htext44                                   text44       000000
__Htext45                                   text45       000000
__Htext46                                   text46       000000
__Htext47                                   text47       000000
__Htext48                                   text48       000000
__Htext49                                   text49       000000
__Htext5                                    text5        000000
__Htext50                                   text50       000000
__Htext51                                   text51       000000
__Htext52                                   text52       000000
__Htext53                                   text53       000000
__Htext54                                   text54       000000
__Htext55                                   text55       000000
__Htext6                                    text6        000000
__Htext7                                    text7        000000
__Htext8                                    text8        000000
__Htext9                                    text9        000000
__LRAM                                      (abs)        000001
__Labs1                                     abs1         000000
__Lbank0                                    bank0        000000
__Lbank1                                    bank1        000000
__Lbank2                                    bank2        000000
__Lbank3                                    bank3        000000
__Lbank4                                    bank4        000000
__Lbank5                                    bank5        000000
__Lbank6                                    bank6        000000
__Lbank7                                    bank7        000000
__Lbigbss                                   bigbss       000000
__Lbigdata                                  bigdata      000000
__Lbigram                                   bigram       000000
__Lbss                                      bss          000000
__LbssBANK0                                 bssBANK0     000000
__LbssBANK1                                 bssBANK1     000000
__LbssCOMRAM                                bssCOMRAM    000000
__Lcinit                                    cinit        000000
__Lclrtext                                  clrtext      000000
__Lcomram                                   comram       000000
__Lconfig                                   config       300000
__Lconst                                    const        000000
__LcstackBANK0                              cstackBANK0  000000
__LcstackBANK1                              cstackBANK1  000000
__LcstackCOMRAM                             cstackCOMRAM 000000
__Ldata                                     data         000000
__LdataBIGRAMl                              dataBIGRAMl  000000
__Leeprom_data                              eeprom_data  000000
__Lfarbss                                   farbss       000000
__Lfardata                                  fardata      000000
__Libigdata                                 ibigdata     000000
__Lidata                                    idata        000000
__LidataBIGRAMl                             idataBIGRAMl 000000
__Lidloc                                    idloc        200000
__Lifardata                                 ifardata     000000
__Linit                                     init         000072
__Lintcode                                  intcode      000008
__Lintcode_body                             intcode_body 000000
__Lintcodelo                                intcodelo    000072
__Lintentry                                 intentry     000000
__Lintret                                   intret       000000
__Lintsave_regs                             intsave_regs 000000
__Lirdata                                   irdata       000000
__Lmediumconst                              mediumconst  000000
__LnvFARRAM                                 nvFARRAM     000000
__Lnvbit                                    nvbit        000000
__Lnvrram                                   nvrram       000000
__Lparam                                    rparam       000000
__Lpowerup                                  powerup      000072
__Lram                                      ram          000000
__Lramtop                                   ramtop       000800
__Lrbit                                     rbit         000000
__Lrbss                                     rbss         000000
__Lrdata                                    rdata        000000
__Lreset_vec                                reset_vec    000000
__Lrparam                                   rparam       000000
__Lsfr                                      sfr          000000
__Lsmallconst                               smallconst   000800
__Lspace_0                                  (abs)        000000
__Lspace_1                                  (abs)        000000
__Lspace_2                                  (abs)        000000
__Lstack                                    stack        000000
__Lstruct                                   struct       000000
__Ltemp                                     temp         000057
__Ltext                                     text         000000
__Ltext0                                    text0        000000
__Ltext1                                    text1        000000
__Ltext10                                   text10       000000
__Ltext11                                   text11       000000
__Ltext12                                   text12       000000
__Ltext13                                   text13       000000
__Ltext14                                   text14       000000
__Ltext15                                   text15       000000
__Ltext17                                   text17       000000
__Ltext18                                   text18       000000
__Ltext19                                   text19       000000
__Ltext2                                    text2        000000
__Ltext20                                   text20       000000
__Ltext21                                   text21       000000
__Ltext22                                   text22       000000
__Ltext23                                   text23       000000
__Ltext24                                   text24       000000
__Ltext25                                   text25       000000
__Ltext26                                   text26       000000
__Ltext27                                   text27       000000
__Ltext28                                   text28       000000
__Ltext29                                   text29       000000
__Ltext3                                    text3        000000
__Ltext30                                   text30       000000
__Ltext31                                   text31       000000
__Ltext32                                   text32       000000
__Ltext33                                   text33       000000
__Ltext34                                   text34       000000
__Ltext35                                   text35       000000
__Ltext36                                   text36       000000
__Ltext37                                   text37       000000
__Ltext38                                   text38       000000
__Ltext39                                   text39       000000
__Ltext4                                    text4        000000
__Ltext40                                   text40       000000
__Ltext41                                   text41       000000
__Ltext42                                   text42       000000
__Ltext43                                   text43       000000
__Ltext44                                   text44       000000
__Ltext45                                   text45       000000
__Ltext46                                   text46       000000
__Ltext47                                   text47       000000
__Ltext48                                   text48       000000
__Ltext49                                   text49       000000
__Ltext5                                    text5        000000
__Ltext50                                   text50       000000
__Ltext51                                   text51       000000
__Ltext52                                   text52       000000
__Ltext53                                   text53       000000
__Ltext54                                   text54       000000
__Ltext55                                   text55       000000
__Ltext6                                    text6        000000
__Ltext7                                    text7        000000
__Ltext8                                    text8        000000
__Ltext9                                    text9        000000
__S0                                        (abs)        30000E
__S1                                        (abs)        0006A1
__S2                                        (abs)        000000
___inthi_sp                                 stack        000000
___intlo_sp                                 stack        000000
___param_bank                               (abs)        000000
___rparam_used                              (abs)        000001
___sp                                       stack        000000
__accesstop                                 (abs)        000060
__activetblptr                              (abs)        000002
__end_of_APP_KeyboardInit                   text42       00279C
__end_of_APP_KeyboardProcessOutputReport    text13       002A46
__end_of_APP_KeyboardTasks                  text6        000C9E
__end_of_APP_LEDUpdateUSBStatus             text41       0026CC
__end_of_AddToSendList                      text12       002CBC
__end_of_BUTTON_Enable                      text5        002C3C
__end_of_LED_Enable                         text4        00293C
__end_of_LED_Off                            text15       002AC2
__end_of_LED_On                             text14       002A84
__end_of_ProcessKeyboard                    text9        002660
__end_of_ProcessLine                        text11       002736
__end_of_SYSTEM_Initialize                  text3        0028A2
__end_of_SYS_InterruptHigh                  intcode      000072
__end_of_SortSendList                       text10       001A06
__end_of_USBCheckHIDRequest                 text38       001B12
__end_of_USBCheckStdRequest                 text28       001EE8
__end_of_USBConfigureEndpoint               text45       00254C
__end_of_USBCtrlEPAllowDataStage            text27       00238A
__end_of_USBCtrlEPAllowStatusStage          text48       00222C
__end_of_USBCtrlEPService                   text23       0024B8
__end_of_USBCtrlEPServiceComplete           text26       001FC8
__end_of_USBCtrlTrfInHandler                text49       001E04
__end_of_USBCtrlTrfOutHandler               text46       0027F8
__end_of_USBCtrlTrfRxService                text47       001572
__end_of_USBCtrlTrfSetupHandler             text25       0025DC
__end_of_USBCtrlTrfTxService                text54       002168
__end_of_USBDeviceAttach                    text2        002C0E
__end_of_USBDeviceInit                      text1        00169E
__end_of_USBDeviceTasks                     text17       0018EE
__end_of_USBEnableEndpoint                  text44       002BAC
__end_of_USBHIDCBSetIdleRateHandler         text40       002D1E
__end_of_USBHIDCBSetReportComplete          text50       002D28
__end_of_USBHIDCBSetReportHandler           text39       002CF8
__end_of_USBIncrement1msInternalTimers      text22       002CDA
__end_of_USBStallHandler                    text21       002A08
__end_of_USBStdFeatureReqHandler            text33       000F0C
__end_of_USBStdGetDscHandler                text32       0011DC
__end_of_USBStdGetStatusHandler             text31       0022EC
__end_of_USBStdSetCfgHandler                text29       00209C
__end_of_USBSuspend                         text20       002C96
__end_of_USBTransferOnePacket               text8        001C18
__end_of_USBWakeFromSuspend                 text19       002BDE
__end_of_USB_CD_Ptr                         smallconst   000809
__end_of_USB_SD_Ptr                         smallconst   000807
__end_of_USER_USB_CALLBACK_EVENT_HANDLER    text34       002422
__end_of__initialization                    cinit        002840
__end_of_configDescriptor1                  smallconst   000881
__end_of_device_dsc                         smallconst   0008E3
__end_of_hid_rpt01                          smallconst   000848
__end_of_main                               text0        002D0C
__end_of_memcpy                             text24       0029C6
__end_of_memset                             text7        001310
__end_of_sd000                              smallconst   0008E7
__end_of_sd001                              smallconst   0008B5
__end_of_sd002                              smallconst   0008D1
__end_ofi2_APP_KeyboardProcessOutputReport  text51       002B00
__end_ofi2_BUTTON_Enable                    text37       002C6A
__end_ofi2_LED_Enable                       text36       002982
__end_ofi2_LED_Off                          text53       002B74
__end_ofi2_LED_On                           text52       002B3A
__end_ofi2_SYSTEM_Initialize                text35       0028F2
__end_ofi2_USBDeviceInit                    text18       0017CA
__end_ofi2_USBTransferOnePacket             text43       001D1A
__end_ofi2_memset                           text30       001442
__initialization                            cinit        0027F8
__mediumconst                               mediumconst  000000
__pbssBANK0                                 bssBANK0     000060
__pbssBANK1                                 bssBANK1     000100
__pbssCOMRAM                                bssCOMRAM    000001
__pcinit                                    cinit        0027F8
__pcstackBANK0                              cstackBANK0  0000D4
__pcstackBANK1                              cstackBANK1  000130
__pcstackCOMRAM                             cstackCOMRAM 00002C
__pdataBIGRAMl                              dataBIGRAMl  000509
__pidataBIGRAMl                             idataBIGRAMl 000F0C
__pintcode                                  intcode      000008
__psmallconst                               smallconst   000800
__ptext0                                    text0        002CF8
__ptext1                                    text1        001572
__ptext10                                   text10       0018EE
__ptext11                                   text11       0026CC
__ptext12                                   text12       002C96
__ptext13                                   text13       002A08
__ptext14                                   text14       002A46
__ptext15                                   text15       002A84
__ptext17                                   text17       0017CA
__ptext18                                   text18       00169E
__ptext19                                   text19       002BAC
__ptext2                                    text2        002BDE
__ptext20                                   text20       002C6A
__ptext21                                   text21       0029C6
__ptext22                                   text22       002CBC
__ptext23                                   text23       002422
__ptext24                                   text24       002982
__ptext25                                   text25       00254C
__ptext26                                   text26       001EE8
__ptext27                                   text27       0022EC
__ptext28                                   text28       001E04
__ptext29                                   text29       001FC8
__ptext3                                    text3        00284E
__ptext30                                   text30       001310
__ptext31                                   text31       00222C
__ptext32                                   text32       0010A4
__ptext33                                   text33       000C9E
__ptext34                                   text34       00238A
__ptext35                                   text35       0028A2
__ptext36                                   text36       00293C
__ptext37                                   text37       002C3C
__ptext38                                   text38       001A06
__ptext39                                   text39       002CDA
__ptext4                                    text4        0028F2
__ptext40                                   text40       002D0C
__ptext41                                   text41       002660
__ptext42                                   text42       002736
__ptext43                                   text43       001C18
__ptext44                                   text44       002B74
__ptext45                                   text45       0024B8
__ptext46                                   text46       00279C
__ptext47                                   text47       001442
__ptext48                                   text48       002168
__ptext49                                   text49       001D1A
__ptext5                                    text5        002C0E
__ptext50                                   text50       002D1E
__ptext51                                   text51       002AC2
__ptext52                                   text52       002B00
__ptext53                                   text53       002B3A
__ptext54                                   text54       00209C
__ptext55                                   text55       000000
__ptext6                                    text6        0008E8
__ptext7                                    text7        0011DC
__ptext8                                    text8        001B12
__ptext9                                    text9        0025DC
__ramtop                                    ramtop       000800
__size_of_APP_KeyboardInit                  (abs)        000000
__size_of_APP_KeyboardProcessOutputReport   (abs)        000000
__size_of_APP_KeyboardTasks                 (abs)        000000
__size_of_APP_LEDUpdateUSBStatus            (abs)        000000
__size_of_AddToSendList                     (abs)        000000
__size_of_BUTTON_Enable                     (abs)        000000
__size_of_LED_Enable                        (abs)        000000
__size_of_LED_Off                           (abs)        000000
__size_of_LED_On                            (abs)        000000
__size_of_ProcessKeyboard                   (abs)        000000
__size_of_ProcessLine                       (abs)        000000
__size_of_SYSTEM_Initialize                 (abs)        000000
__size_of_SYS_InterruptHigh                 (abs)        000000
__size_of_SortSendList                      (abs)        000000
__size_of_USBCheckHIDRequest                (abs)        000000
__size_of_USBCheckStdRequest                (abs)        000000
__size_of_USBConfigureEndpoint              (abs)        000000
__size_of_USBCtrlEPAllowDataStage           (abs)        000000
__size_of_USBCtrlEPAllowStatusStage         (abs)        000000
__size_of_USBCtrlEPService                  (abs)        000000
__size_of_USBCtrlEPServiceComplete          (abs)        000000
__size_of_USBCtrlTrfInHandler               (abs)        000000
__size_of_USBCtrlTrfOutHandler              (abs)        000000
__size_of_USBCtrlTrfRxService               (abs)        000000
__size_of_USBCtrlTrfSetupHandler            (abs)        000000
__size_of_USBCtrlTrfTxService               (abs)        000000
__size_of_USBDeviceAttach                   (abs)        000000
__size_of_USBDeviceInit                     (abs)        000000
__size_of_USBDeviceTasks                    (abs)        000000
__size_of_USBEnableEndpoint                 (abs)        000000
__size_of_USBHIDCBSetIdleRateHandler        (abs)        000000
__size_of_USBHIDCBSetReportComplete         (abs)        000000
__size_of_USBHIDCBSetReportHandler          (abs)        000000
__size_of_USBIncrement1msInternalTimers     (abs)        000000
__size_of_USBStallHandler                   (abs)        000000
__size_of_USBStdFeatureReqHandler           (abs)        000000
__size_of_USBStdGetDscHandler               (abs)        000000
__size_of_USBStdGetStatusHandler            (abs)        000000
__size_of_USBStdSetCfgHandler               (abs)        000000
__size_of_USBSuspend                        (abs)        000000
__size_of_USBTransferOnePacket              (abs)        000000
__size_of_USBWakeFromSuspend                (abs)        000000
__size_of_USER_USB_CALLBACK_EVENT_HANDLER   (abs)        000000
__size_of_main                              (abs)        000000
__size_of_memcpy                            (abs)        000000
__size_of_memset                            (abs)        000000
__size_ofi2_APP_KeyboardProcessOutputReport (abs)        000000
__size_ofi2_BUTTON_Enable                   (abs)        000000
__size_ofi2_LED_Enable                      (abs)        000000
__size_ofi2_LED_Off                         (abs)        000000
__size_ofi2_LED_On                          (abs)        000000
__size_ofi2_SYSTEM_Initialize               (abs)        000000
__size_ofi2_USBDeviceInit                   (abs)        000000
__size_ofi2_USBTransferOnePacket            (abs)        000000
__size_ofi2_memset                          (abs)        000000
__smallconst                                smallconst   000800
_active_protocol                            bssCOMRAM    000027
_configDescriptor1                          smallconst   000848
_controlTransferState                       bssCOMRAM    000024
_device_dsc                                 smallconst   0008D1
_endpoint_number                            bssCOMRAM    000021
_ep2_handle                                 bssBANK0     0000CA
_ep_data_in                                 bssBANK0     0000D2
_ep_data_out                                bssBANK0     0000D0
_hid_rpt01                                  smallconst   000809
_idle_rate                                  bssCOMRAM    000028
_inPipes                                    bssBANK0     0000B0
_inputReport                                (abs)        000500
_keyboard                                   bssCOMRAM    000001
_keyboardIdleRate                           bssBANK0     0000CE
_main                                       text0        002CF8
_memcpy                                     text24       002982
_memset                                     text7        0011DC
_oldInputReport                             bssBANK0     0000A0
_old_ep2buf                                 bssBANK0     000098
_outPipes                                   bssBANK0     0000A8
_outputReport                               (abs)        000508
_pBDTEntryEP0OutCurrent                     bssCOMRAM    000013
_pBDTEntryEP0OutNext                        bssCOMRAM    000011
_pBDTEntryIn                                bssBANK0     0000B6
_pBDTEntryOut                               bssBANK0     0000BA
_pDst                                       bssCOMRAM    00000F
_sd000                                      smallconst   0008E3
_sd001                                      smallconst   000881
_sd002                                      smallconst   0008B5
_shortPacketStatus                          bssCOMRAM    000025
btemp                                       temp         000057
end_of_initialization                       cinit        002840
i2LED_Enable@led                            cstackCOMRAM 00002E
i2LED_Off@led                               cstackCOMRAM 00002E
i2LED_On@led                                cstackCOMRAM 00002E
i2SYSTEM_Initialize@state                   cstackCOMRAM 000031
i2USBDeviceInit@i                           cstackCOMRAM 000038
i2USBTransferOnePacket@data                 cstackCOMRAM 00002D
i2USBTransferOnePacket@dir                  cstackCOMRAM 00002C
i2USBTransferOnePacket@ep                   cstackCOMRAM 000034
i2USBTransferOnePacket@handle               cstackCOMRAM 000035
i2USBTransferOnePacket@len                  cstackCOMRAM 00002F
i2_APP_KeyboardProcessOutputReport          text51       002AC2
i2_BUTTON_Enable                            text37       002C3C
i2_LED_Enable                               text36       00293C
i2_LED_Off                                  text53       002B3A
i2_LED_On                                   text52       002B00
i2_SYSTEM_Initialize                        text35       0028A2
i2_USBDeviceInit                            text18       00169E
i2_USBTransferOnePacket                     text43       001C18
i2_memset                                   text30       001310
i2memset@c                                  cstackCOMRAM 00002E
i2memset@dest                               cstackCOMRAM 00002C
i2memset@k                                  cstackCOMRAM 000034
i2memset@n                                  cstackCOMRAM 000030
i2memset@s                                  cstackCOMRAM 000036
int$flags                                   temp         000057
intlevel0                                   text         000000
intlevel1                                   text         000000
intlevel2                                   text         000000
intlevel3                                   text         000000
memcpy@d                                    cstackCOMRAM 000032
memcpy@d1                                   cstackCOMRAM 00002C
memcpy@n                                    cstackCOMRAM 000030
memcpy@s                                    cstackCOMRAM 000034
memcpy@s1                                   cstackCOMRAM 00002E
memcpy@tmp                                  cstackCOMRAM 000036
memset@c                                    cstackBANK0  0000D6
memset@dest                                 cstackBANK0  0000D4
memset@k                                    cstackBANK0  0000DC
memset@n                                    cstackBANK0  0000D8
memset@s                                    cstackBANK0  0000DE
stackhi                                     (abs)        0003FF
stacklo                                     (abs)        00014E
start                                       init         000072
start_initialization                        cinit        0027F8
ttemp5                                      temp         000058
ttemp6                                      temp         00005B
ttemp7                                      temp         00005F
wtemp8                                      temp         000058


FUNCTION INFORMATION:

 *************** function _main *****************
 Defined at:
		line 38 in file "main.c"
 Parameters:    Size  Location     Type
		None
 Auto vars:     Size  Location     Type
		None
 Return value:  Size  Location     Type
                  2   12[None  ] int 
 Registers used:
		wreg, fsr1l, fsr1h, fsr2l, fsr2h, status,2, status,0, prodl, prodh, cstack
 Tracked objects:
		On entry : 
		On exit  : 
		Unchanged: 
 Data sizes:     COMRAM   BANK0   BANK1   BANK2   BANK3   BANK4   BANK5   BANK6   BANK7
      Params:         0       0       0       0       0       0       0       0       0
      Locals:         0       0       0       0       0       0       0       0       0
      Temps:          0       0       0       0       0       0       0       0       0
      Totals:         0       0       0       0       0       0       0       0       0
Total ram usage:        0 bytes
 Hardware stack levels required when called:   14
 This function calls:
		_APP_KeyboardTasks
		_SYSTEM_Initialize
		_USBDeviceAttach
		_USBDeviceInit
 This function is called by:
		Startup code after reset
 This function uses a non-reentrant model


 *************** function _USBDeviceInit *****************
 Defined at:
		line 281 in file "usb/usb_device.c"
 Parameters:    Size  Location     Type
		None
 Auto vars:     Size  Location     Type
  i               1   12[BANK0 ] unsigned char 
 Return value:  Size  Location     Type
                  1    wreg      void 
 Registers used:
		wreg, fsr2l, fsr2h, status,2, status,0, prodl, prodh, cstack
 Tracked objects:
		On entry : 
		On exit  : 
		Unchanged: 
 Data sizes:     COMRAM   BANK0   BANK1   BANK2   BANK3   BANK4   BANK5   BANK6   BANK7
      Params:         0       0       0       0       0       0       0       0       0
      Locals:         0       1       0       0       0       0       0       0       0
      Temps:          0       0       0       0       0       0       0       0       0
      Totals:         0       1       0       0       0       0       0       0       0
Total ram usage:        1 bytes
 Hardware stack levels used:    1
 Hardware stack levels required when called:   11
 This function calls:
		_memset
 This function is called by:
		_main
 This function uses a non-reentrant model


 *************** function _USBDeviceAttach *****************
 Defined at:
		line 1356 in file "usb/usb_device.c"
 Parameters:    Size  Location     Type
		None
 Auto vars:     Size  Location     Type
		None
 Return value:  Size  Location     Type
                  1    wreg      void 
 Registers used:
		wreg, status,2
 Tracked objects:
		On entry : 
		On exit  : 
		Unchanged: 
 Data sizes:     COMRAM   BANK0   BANK1   BANK2   BANK3   BANK4   BANK5   BANK6   BANK7
      Params:         0       0       0       0       0       0       0       0       0
      Locals:         0       0       0       0       0       0       0       0       0
      Temps:          0       0       0       0       0       0       0       0       0
      Totals:         0       0       0       0       0       0       0       0       0
Total ram usage:        0 bytes
 Hardware stack levels used:    1
 Hardware stack levels required when called:   10
 This function calls:
		Nothing
 This function is called by:
		_main
 This function uses a non-reentrant model


 *************** function _SYSTEM_Initialize *****************
 Defined at:
		line 80 in file "system.c"
 Parameters:    Size  Location     Type
  state           1    wreg     enum E5059
 Auto vars:     Size  Location     Type
  state           1    5[BANK0 ] enum E5059
 Return value:  Size  Location     Type
                  1    wreg      void 
 Registers used:
		wreg, status,2, status,0, cstack
 Tracked objects:
		On entry : 
		On exit  : 
		Unchanged: 
 Data sizes:     COMRAM   BANK0   BANK1   BANK2   BANK3   BANK4   BANK5   BANK6   BANK7
      Params:         0       0       0       0       0       0       0       0       0
      Locals:         0       1       0       0       0       0       0       0       0
      Temps:          0       2       0       0       0       0       0       0       0
      Totals:         0       3       0       0       0       0       0       0       0
Total ram usage:        3 bytes
 Hardware stack levels used:    1
 Hardware stack levels required when called:   11
 This function calls:
		_BUTTON_Enable
		_LED_Enable
 This function is called by:
		_main
 This function uses a non-reentrant model


 *************** function _LED_Enable *****************
 Defined at:
		line 216 in file "leds.c"
 Parameters:    Size  Location     Type
  led             1    wreg     enum E2
 Auto vars:     Size  Location     Type
  led             1    2[BANK0 ] enum E2
 Return value:  Size  Location     Type
                  1    wreg      void 
 Registers used:
		wreg, status,2, status,0
 Tracked objects:
		On entry : 
		On exit  : 
		Unchanged: 
 Data sizes:     COMRAM   BANK0   BANK1   BANK2   BANK3   BANK4   BANK5   BANK6   BANK7
      Params:         0       0       0       0       0       0       0       0       0
      Locals:         0       1       0       0       0       0       0       0       0
      Temps:          0       2       0       0       0       0       0       0       0
      Totals:         0       3       0       0       0       0       0       0       0
Total ram usage:        3 bytes
 Hardware stack levels used:    1
 Hardware stack levels required when called:   10
 This function calls:
		Nothing
 This function is called by:
		_SYSTEM_Initialize
 This function uses a non-reentrant model


 *************** function _BUTTON_Enable *****************
 Defined at:
		line 96 in file "buttons.c"
 Parameters:    Size  Location     Type
		None
 Auto vars:     Size  Location     Type
		None
 Return value:  Size  Location     Type
                  2  509[None  ] int 
 Registers used:
		wreg, status,2
 Tracked objects:
		On entry : 
		On exit  : 
		Unchanged: 
 Data sizes:     COMRAM   BANK0   BANK1   BANK2   BANK3   BANK4   BANK5   BANK6   BANK7
      Params:         0       0       0       0       0       0       0       0       0
      Locals:         0       0       0       0       0       0       0       0       0
      Temps:          0       0       0       0       0       0       0       0       0
      Totals:         0       0       0       0       0       0       0       0       0
Total ram usage:        0 bytes
 Hardware stack levels used:    1
 Hardware stack levels required when called:   10
 This function calls:
		Nothing
 This function is called by:
		_SYSTEM_Initialize
 This function uses a non-reentrant model


 *************** function _APP_KeyboardTasks *****************
 Defined at:
		line 459 in file "device_keyboard.c"
 Parameters:    Size  Location     Type
		None
 Auto vars:     Size  Location     Type
  j               1   28[BANK1 ] unsigned char 
  j               1   27[BANK1 ] unsigned char 
  j               1   25[BANK1 ] unsigned char 
  j               1   29[BANK1 ] unsigned char 
  j               1   19[BANK1 ] unsigned char 
  ep2buf          8    0[BANK1 ] unsigned char [8]
  shd_send        1   17[BANK1 ] unsigned char 
  j               1   22[BANK1 ] unsigned char 
  j               1   21[BANK1 ] unsigned char 
  j               1   20[BANK1 ] unsigned char 
  5633            3   14[BANK1 ] struct keyStruct
  5631            3   11[BANK1 ] struct keyStruct
  5629            3    8[BANK1 ] struct keyStruct
  TimeDeltaMil    2   23[BANK1 ] int 
  i               1   26[BANK1 ] unsigned char 
  needToSendNe    1   18[BANK1 ] _Bool 
 Return value:  Size  Location     Type
                  1    wreg      void 
 Registers used:
		wreg, fsr1l, fsr1h, fsr2l, fsr2h, status,2, status,0, prodl, prodh, cstack
 Tracked objects:
		On entry : 
		On exit  : 
		Unchanged: 
 Data sizes:     COMRAM   BANK0   BANK1   BANK2   BANK3   BANK4   BANK5   BANK6   BANK7
      Params:         0       0       0       0       0       0       0       0       0
      Locals:         0       0      30       0       0       0       0       0       0
      Temps:          0       2       0       0       0       0       0       0       0
      Totals:         0       2      30       0       0       0       0       0       0
Total ram usage:       32 bytes
 Hardware stack levels used:    1
 Hardware stack levels required when called:   13
 This function calls:
		_APP_KeyboardProcessOutputReport
		_ProcessKeyboard
		_USBTransferOnePacket
		_memset
 This function is called by:
		_main
 This function uses a non-reentrant model


 *************** function _memset *****************
 Defined at:
		line 4 in file "/opt/microchip/xc8/v2.05/pic/sources/c99/common/memset.c"
 Parameters:    Size  Location     Type
  dest            2    0[BANK0 ] PTR void 
		 -> inputReport(8), USBAlternateInterface(1), BDT(32), UEP1(1), 
  c               2    2[BANK0 ] int 
  n               2    4[BANK0 ] unsigned int 
 Auto vars:     Size  Location     Type
  s               2   10[BANK0 ] PTR unsigned char 
		 -> inputReport(8), USBAlternateInterface(1), BDT(32), UEP1(1), 
  k               2    8[BANK0 ] unsigned int 
 Return value:  Size  Location     Type
                  2    0[BANK0 ] PTR void 
 Registers used:
		wreg, fsr2l, fsr2h, status,2, status,0
 Tracked objects:
		On entry : 
		On exit  : 
		Unchanged: 
 Data sizes:     COMRAM   BANK0   BANK1   BANK2   BANK3   BANK4   BANK5   BANK6   BANK7
      Params:         0       6       0       0       0       0       0       0       0
      Locals:         0       4       0       0       0       0       0       0       0
      Temps:          0       2       0       0       0       0       0       0       0
      Totals:         0      12       0       0       0       0       0       0       0
Total ram usage:       12 bytes
 Hardware stack levels used:    1
 Hardware stack levels required when called:   10
 This function calls:
		Nothing
 This function is called by:
		_USBDeviceInit
		_APP_KeyboardTasks
 This function uses a non-reentrant model


 *************** function _USBTransferOnePacket *****************
 Defined at:
		line 999 in file "usb/usb_device.c"
 Parameters:    Size  Location     Type
  ep              1    wreg     unsigned char 
  dir             1    0[BANK0 ] unsigned char 
  data            2    1[BANK0 ] PTR unsigned char 
		 -> APP_KeyboardTasks@ep2buf(8), inputReport(8), outputReport(1), 
  len             1    3[BANK0 ] unsigned char 
 Auto vars:     Size  Location     Type
  ep              1    8[BANK0 ] unsigned char 
  handle          2    9[BANK0 ] PTR volatile struct __BD
		 -> RAM(2047), NULL(0), BDT(32), 
 Return value:  Size  Location     Type
                  2    0[BANK0 ] PTR void 
 Registers used:
		wreg, fsr2l, fsr2h, status,2, status,0, prodl, prodh
 Tracked objects:
		On entry : 
		On exit  : 
		Unchanged: 
 Data sizes:     COMRAM   BANK0   BANK1   BANK2   BANK3   BANK4   BANK5   BANK6   BANK7
      Params:         0       4       0       0       0       0       0       0       0
      Locals:         0       3       0       0       0       0       0       0       0
      Temps:          0       4       0       0       0       0       0       0       0
      Totals:         0      11       0       0       0       0       0       0       0
Total ram usage:       11 bytes
 Hardware stack levels used:    1
 Hardware stack levels required when called:   10
 This function calls:
		Nothing
 This function is called by:
		_APP_KeyboardTasks
 This function uses a non-reentrant model


 *************** function _ProcessKeyboard *****************
 Defined at:
		line 409 in file "device_keyboard.c"
 Parameters:    Size  Location     Type
		None
 Auto vars:     Size  Location     Type
  n               1   13[BANK0 ] unsigned char 
  n               1   12[BANK0 ] unsigned char 
  n               1   11[BANK0 ] unsigned char 
  latWriter       1   15[BANK0 ] unsigned char 
  line            1   14[BANK0 ] unsigned char 
 Return value:  Size  Location     Type
                  1    wreg      void 
 Registers used:
		wreg, fsr1l, fsr1h, fsr2l, fsr2h, status,2, status,0, prodl, prodh, cstack
 Tracked objects:
		On entry : 
		On exit  : 
		Unchanged: 
 Data sizes:     COMRAM   BANK0   BANK1   BANK2   BANK3   BANK4   BANK5   BANK6   BANK7
      Params:         0       0       0       0       0       0       0       0       0
      Locals:         0       5       0       0       0       0       0       0       0
      Temps:          0       0       0       0       0       0       0       0       0
      Totals:         0       5       0       0       0       0       0       0       0
Total ram usage:        5 bytes
 Hardware stack levels used:    1
 Hardware stack levels required when called:   12
 This function calls:
		_ProcessLine
		_SortSendList
 This function is called by:
		_APP_KeyboardTasks
 This function uses a non-reentrant model


 *************** function _SortSendList *****************
 Defined at:
		line 356 in file "device_keyboard.c"
 Parameters:    Size  Location     Type
		None
 Auto vars:     Size  Location     Type
  j               1    5[BANK0 ] unsigned char 
  i               1    6[BANK0 ] unsigned char 
  5610            3    2[BANK0 ] struct keyStruct
 Return value:  Size  Location     Type
                  1    wreg      void 
 Registers used:
		wreg, fsr1l, fsr1h, fsr2l, fsr2h, status,2, status,0, prodl, prodh
 Tracked objects:
		On entry : 
		On exit  : 
		Unchanged: 
 Data sizes:     COMRAM   BANK0   BANK1   BANK2   BANK3   BANK4   BANK5   BANK6   BANK7
      Params:         0       0       0       0       0       0       0       0       0
      Locals:         0       5       0       0       0       0       0       0       0
      Temps:          0       2       0       0       0       0       0       0       0
      Totals:         0       7       0       0       0       0       0       0       0
Total ram usage:        7 bytes
 Hardware stack levels used:    1
 Hardware stack levels required when called:   10
 This function calls:
		Nothing
 This function is called by:
		_ProcessKeyboard
 This function uses a non-reentrant model


 *************** function _ProcessLine *****************
 Defined at:
		line 392 in file "device_keyboard.c"
 Parameters:    Size  Location     Type
  lineNo          1    wreg     unsigned char 
 Auto vars:     Size  Location     Type
  lineNo          1    7[BANK0 ] unsigned char 
  i               1   10[BANK0 ] unsigned char 
  filt            1    9[BANK0 ] unsigned char 
  readBuf         1    8[BANK0 ] unsigned char 
 Return value:  Size  Location     Type
                  1    wreg      void 
 Registers used:
		wreg, fsr2l, fsr2h, status,2, status,0, prodl, prodh, cstack
 Tracked objects:
		On entry : 
		On exit  : 
		Unchanged: 
[...]
      Totals:         2       0       0       0       0       0       0       0       0
Total ram usage:        2 bytes
 Hardware stack levels used:    1
 This function calls:
		Nothing
 This function is called by:
		_USER_USB_CALLBACK_EVENT_HANDLER
 This function uses a non-reentrant model


 *************** function _APP_KeyboardInit *****************
 Defined at:
		line 280 in file "device_keyboard.c"
 Parameters:    Size  Location     Type
		None
 Auto vars:     Size  Location     Type
		None
 Return value:  Size  Location     Type
                  1    wreg      void 
 Registers used:
		wreg, fsr2l, fsr2h, status,2, status,0, prodl, prodh, cstack
 Tracked objects:
		On entry : 
		On exit  : 
		Unchanged: 
 Data sizes:     COMRAM   BANK0   BANK1   BANK2   BANK3   BANK4   BANK5   BANK6   BANK7
      Params:         0       0       0       0       0       0       0       0       0
      Locals:         0       0       0       0       0       0       0       0       0
      Temps:          0       0       0       0       0       0       0       0       0
      Totals:         0       0       0       0       0       0       0       0       0
Total ram usage:        0 bytes
 Hardware stack levels used:    1
 Hardware stack levels required when called:    2
 This function calls:
		_USBEnableEndpoint
		i2_USBTransferOnePacket
 This function is called by:
		_USER_USB_CALLBACK_EVENT_HANDLER
 This function uses a non-reentrant model


 *************** function i2_USBTransferOnePacket *****************
 Defined at:
		line 999 in file "usb/usb_device.c"
 Parameters:    Size  Location     Type
  ep              1    wreg     unsigned char 
  dir             1    0[COMRAM] unsigned char 
  data            2    1[COMRAM] PTR unsigned char 
		 -> APP_KeyboardTasks@ep2buf(8), inputReport(8), outputReport(1), 
  len             1    3[COMRAM] unsigned char 
 Auto vars:     Size  Location     Type
  ep              1    8[COMRAM] unsigned char 
  USBTransferO    2    9[COMRAM] PTR volatile struct __BD
		 -> RAM(2047), NULL(0), BDT(32), 
 Return value:  Size  Location     Type
                  2    0[COMRAM] PTR void 
 Registers used:
		wreg, fsr2l, fsr2h, status,2, status,0, prodl, prodh
 Tracked objects:
		On entry : 
		On exit  : 
		Unchanged: 
 Data sizes:     COMRAM   BANK0   BANK1   BANK2   BANK3   BANK4   BANK5   BANK6   BANK7
      Params:         4       0       0       0       0       0       0       0       0
      Locals:         3       0       0       0       0       0       0       0       0
      Temps:          4       0       0       0       0       0       0       0       0
      Totals:        11       0       0       0       0       0       0       0       0
Total ram usage:       11 bytes
 Hardware stack levels used:    1
 This function calls:
		Nothing
 This function is called by:
		_APP_KeyboardInit
 This function uses a non-reentrant model


 *************** function _USBEnableEndpoint *****************
 Defined at:
		line 882 in file "usb/usb_device.c"
 Parameters:    Size  Location     Type
  ep              1    wreg     unsigned char 
  options         1    8[COMRAM] unsigned char 
 Auto vars:     Size  Location     Type
  ep              1   11[COMRAM] unsigned char 
  p               2    9[COMRAM] PTR unsigned char 
		 -> UEP0(1), 
 Return value:  Size  Location     Type
                  1    wreg      void 
 Registers used:
		wreg, fsr2l, fsr2h, status,2, status,0, prodl, prodh, cstack
 Tracked objects:
		On entry : 
		On exit  : 
		Unchanged: 
 Data sizes:     COMRAM   BANK0   BANK1   BANK2   BANK3   BANK4   BANK5   BANK6   BANK7
      Params:         1       0       0       0       0       0       0       0       0
      Locals:         3       0       0       0       0       0       0       0       0
      Temps:          0       0       0       0       0       0       0       0       0
      Totals:         4       0       0       0       0       0       0       0       0
Total ram usage:        4 bytes
 Hardware stack levels used:    1
 Hardware stack levels required when called:    1
 This function calls:
		_USBConfigureEndpoint
 This function is called by:
		_APP_KeyboardInit
 This function uses a non-reentrant model


 *************** function _USBConfigureEndpoint *****************
 Defined at:
		line 1547 in file "usb/usb_device.c"
 Parameters:    Size  Location     Type
  EPNum           1    wreg     unsigned char 
  direction       1    0[COMRAM] unsigned char 
 Auto vars:     Size  Location     Type
  EPNum           1    5[COMRAM] unsigned char 
  handle          2    6[COMRAM] PTR volatile struct __BD
		 -> BDT(32), 
 Return value:  Size  Location     Type
                  1    wreg      void 
 Registers used:
		wreg, fsr2l, fsr2h, status,2, status,0, prodl, prodh
 Tracked objects:
		On entry : 
		On exit  : 
		Unchanged: 
 Data sizes:     COMRAM   BANK0   BANK1   BANK2   BANK3   BANK4   BANK5   BANK6   BANK7
      Params:         1       0       0       0       0       0       0       0       0
      Locals:         3       0       0       0       0       0       0       0       0
      Temps:          4       0       0       0       0       0       0       0       0
      Totals:         8       0       0       0       0       0       0       0       0
Total ram usage:        8 bytes
 Hardware stack levels used:    1
 This function calls:
		Nothing
 This function is called by:
		_USBEnableEndpoint
 This function uses a non-reentrant model


 *************** function _USBCtrlTrfOutHandler *****************
 Defined at:
		line 2545 in file "usb/usb_device.c"
 Parameters:    Size  Location     Type
		None
 Auto vars:     Size  Location     Type
		None
 Return value:  Size  Location     Type
                  1    wreg      void 
 Registers used:
		wreg, fsr1l, fsr1h, fsr2l, fsr2h, status,2, status,0, pclath, tosl, cstack
 Tracked objects:
		On entry : 
		On exit  : 
		Unchanged: 
 Data sizes:     COMRAM   BANK0   BANK1   BANK2   BANK3   BANK4   BANK5   BANK6   BANK7
      Params:         0       0       0       0       0       0       0       0       0
      Locals:         0       0       0       0       0       0       0       0       0
      Temps:          0       0       0       0       0       0       0       0       0
      Totals:         0       0       0       0       0       0       0       0       0
Total ram usage:        0 bytes
 Hardware stack levels used:    1
 Hardware stack levels required when called:    4
 This function calls:
		_USBCtrlTrfRxService
 This function is called by:
		_USBCtrlEPService
 This function uses a non-reentrant model


 *************** function _USBCtrlTrfRxService *****************
 Defined at:
		line 1856 in file "usb/usb_device.c"
 Parameters:    Size  Location     Type
		None
 Auto vars:     Size  Location     Type
  byteToRead      1    4[COMRAM] unsigned char 
  i               1    3[COMRAM] unsigned char 
 Return value:  Size  Location     Type
                  1    wreg      void 
 Registers used:
		wreg, fsr1l, fsr1h, fsr2l, fsr2h, status,2, status,0, pclath, tosl, cstack
 Tracked objects:
		On entry : 
		On exit  : 
		Unchanged: 
 Data sizes:     COMRAM   BANK0   BANK1   BANK2   BANK3   BANK4   BANK5   BANK6   BANK7
      Params:         0       0       0       0       0       0       0       0       0
      Locals:         2       0       0       0       0       0       0       0       0
      Temps:          0       0       0       0       0       0       0       0       0
      Totals:         2       0       0       0       0       0       0       0       0
Total ram usage:        2 bytes
 Hardware stack levels used:    1
 Hardware stack levels required when called:    3
 This function calls:
		_USBCtrlEPAllowStatusStage
		_USBHIDCBSetReportComplete
 This function is called by:
		_USBCtrlTrfOutHandler
 This function uses a non-reentrant model


 *************** function _USBCtrlEPAllowStatusStage *****************
 Defined at:
		line 1420 in file "usb/usb_device.c"
 Parameters:    Size  Location     Type
		None
 Auto vars:     Size  Location     Type
		None
 Return value:  Size  Location     Type
                  1    wreg      void 
 Registers used:
		wreg, fsr2l, fsr2h, status,2, status,0
 Tracked objects:
		On entry : 
		On exit  : 
		Unchanged: 
 Data sizes:     COMRAM   BANK0   BANK1   BANK2   BANK3   BANK4   BANK5   BANK6   BANK7
      Params:         0       0       0       0       0       0       0       0       0
      Locals:         0       0       0       0       0       0       0       0       0
      Temps:          0       0       0       0       0       0       0       0       0
      Totals:         0       0       0       0       0       0       0       0       0
Total ram usage:        0 bytes
 Hardware stack levels used:    1
 This function calls:
		Nothing
 This function is called by:
		_USBDeviceTasks
		_USBCtrlEPServiceComplete
		_USBCtrlTrfRxService
 This function uses a non-reentrant model


 *************** function _USBCtrlTrfInHandler *****************
 Defined at:
		line 2599 in file "usb/usb_device.c"
 Parameters:    Size  Location     Type
		None
 Auto vars:     Size  Location     Type
  lastDTS         1    3[COMRAM] unsigned char 
 Return value:  Size  Location     Type
                  1    wreg      void 
 Registers used:
		wreg, fsr1l, fsr1h, fsr2l, fsr2h, status,2, status,0, pclath, tosl, tblptrl, tblptrh, tblptru, cstack
 Tracked objects:
		On entry : 
		On exit  : 
		Unchanged: 
 Data sizes:     COMRAM   BANK0   BANK1   BANK2   BANK3   BANK4   BANK5   BANK6   BANK7
      Params:         0       0       0       0       0       0       0       0       0
      Locals:         1       0       0       0       0       0       0       0       0
      Temps:          0       0       0       0       0       0       0       0       0
      Totals:         1       0       0       0       0       0       0       0       0
Total ram usage:        1 bytes
 Hardware stack levels used:    1
 Hardware stack levels required when called:    3
 This function calls:
		_USBCtrlTrfTxService
		_USBHIDCBSetReportComplete
 This function is called by:
		_USBCtrlEPService
 This function uses a non-reentrant model


 *************** function _USBHIDCBSetReportComplete *****************
 Defined at:
		line 709 in file "device_keyboard.c"
 Parameters:    Size  Location     Type
		None
 Auto vars:     Size  Location     Type
		None
 Return value:  Size  Location     Type
                  1    wreg      void 
 Registers used:
		wreg, status,2, status,0, cstack
 Tracked objects:
		On entry : 
		On exit  : 
		Unchanged: 
 Data sizes:     COMRAM   BANK0   BANK1   BANK2   BANK3   BANK4   BANK5   BANK6   BANK7
      Params:         0       0       0       0       0       0       0       0       0
      Locals:         0       0       0       0       0       0       0       0       0
      Temps:          0       0       0       0       0       0       0       0       0
      Totals:         0       0       0       0       0       0       0       0       0
Total ram usage:        0 bytes
 Hardware stack levels used:    1
 Hardware stack levels required when called:    2
 This function calls:
		i2_APP_KeyboardProcessOutputReport
 This function is called by:
		_USBHIDCBSetReportHandler
		_USBCtrlTrfRxService
		_USBCtrlTrfInHandler
 This function uses a non-reentrant model


 *************** function i2_APP_KeyboardProcessOutputReport *****************
 Defined at:
		line 679 in file "device_keyboard.c"
 Parameters:    Size  Location     Type
		None
 Auto vars:     Size  Location     Type
		None
 Return value:  Size  Location     Type
                  1    wreg      void 
 Registers used:
		wreg, status,2, status,0, cstack
 Tracked objects:
		On entry : 
		On exit  : 
		Unchanged: 
 Data sizes:     COMRAM   BANK0   BANK1   BANK2   BANK3   BANK4   BANK5   BANK6   BANK7
      Params:         0       0       0       0       0       0       0       0       0
      Locals:         0       0       0       0       0       0       0       0       0
      Temps:          0       0       0       0       0       0       0       0       0
      Totals:         0       0       0       0       0       0       0       0       0
Total ram usage:        0 bytes
 Hardware stack levels used:    1
 Hardware stack levels required when called:    1
 This function calls:
		i2_LED_Off
		i2_LED_On
 This function is called by:
		_USBHIDCBSetReportComplete
 This function uses a non-reentrant model


 *************** function i2_LED_On *****************
 Defined at:
		line 67 in file "leds.c"
 Parameters:    Size  Location     Type
  led             1    wreg     enum E2
 Auto vars:     Size  Location     Type
  led             1    2[COMRAM] enum E2
 Return value:  Size  Location     Type
                  1    wreg      void 
 Registers used:
		wreg, status,2, status,0
 Tracked objects:
		On entry : 
		On exit  : 
		Unchanged: 
 Data sizes:     COMRAM   BANK0   BANK1   BANK2   BANK3   BANK4   BANK5   BANK6   BANK7
      Params:         0       0       0       0       0       0       0       0       0
      Locals:         1       0       0       0       0       0       0       0       0
      Temps:          2       0       0       0       0       0       0       0       0
      Totals:         3       0       0       0       0       0       0       0       0
Total ram usage:        3 bytes
 Hardware stack levels used:    1
 This function calls:
		Nothing
 This function is called by:
		i2_APP_KeyboardProcessOutputReport
 This function uses a non-reentrant model


 *************** function i2_LED_Off *****************
 Defined at:
		line 104 in file "leds.c"
 Parameters:    Size  Location     Type
  led             1    wreg     enum E2
 Auto vars:     Size  Location     Type
  led             1    2[COMRAM] enum E2
 Return value:  Size  Location     Type
                  1    wreg      void 
 Registers used:
		wreg, status,2, status,0
 Tracked objects:
		On entry : 
		On exit  : 
		Unchanged: 
 Data sizes:     COMRAM   BANK0   BANK1   BANK2   BANK3   BANK4   BANK5   BANK6   BANK7
      Params:         0       0       0       0       0       0       0       0       0
      Locals:         1       0       0       0       0       0       0       0       0
      Temps:          2       0       0       0       0       0       0       0       0
      Totals:         3       0       0       0       0       0       0       0       0
Total ram usage:        3 bytes
 Hardware stack levels used:    1
 This function calls:
		Nothing
 This function is called by:
		i2_APP_KeyboardProcessOutputReport
 This function uses a non-reentrant model


 *************** function _USBCtrlTrfTxService *****************
 Defined at:
		line 1775 in file "usb/usb_device.c"
 Parameters:    Size  Location     Type
		None
 Auto vars:     Size  Location     Type
  byteToSend      1    0[COMRAM] unsigned char 
 Return value:  Size  Location     Type
                  1    wreg      void 
 Registers used:
		wreg, fsr1l, fsr1h, fsr2l, fsr2h, status,2, status,0, tblptrl, tblptrh, tblptru
 Tracked objects:
		On entry : 
		On exit  : 
		Unchanged: 
 Data sizes:     COMRAM   BANK0   BANK1   BANK2   BANK3   BANK4   BANK5   BANK6   BANK7
      Params:         0       0       0       0       0       0       0       0       0
      Locals:         1       0       0       0       0       0       0       0       0
      Temps:          0       0       0       0       0       0       0       0       0
      Totals:         1       0       0       0       0       0       0       0       0
Total ram usage:        1 bytes
 Hardware stack levels used:    1
 This function calls:
		Nothing
 This function is called by:
		_USBCtrlEPAllowDataStage
		_USBCtrlTrfInHandler
 This function uses a non-reentrant model



MODULE INFORMATION

Module		Function		Class		Link	Load	Size
usb/usb_device_hid.c
		_USBCheckHIDRequest		CODE           	1A06	0000	269

usb/usb_device_hid.c estimated size: 269

buttons.c
		_BUTTON_Enable 		CODE           	2C0E	0000	47

buttons.c estimated size: 47

/opt/microchip/xc8/v2.05/pic/sources/c99/common/memset.c
		_memset        		CODE           	11DC	0000	309

/opt/microchip/xc8/v2.05/pic/sources/c99/common/memset.c estimated size: 309

usb/usb_device.c
		_USBCtrlTrfInHandler		CODE           	1D1A	0000	235
		_USBTransferOnePacket		CODE           	1B12	0000	263
		_USBDeviceAttach		CODE           	2BDE	0000	49
		_USBStdGetDscHandler		CODE           	10A4	0000	313
		_USBCtrlEPAllowDataStage		CODE           	22EC	0000	159
		_USBStdFeatureReqHandler		CODE           	0C9E	0000	623
		_USBCtrlEPAllowStatusStage		CODE           	2168	0000	197
		_USBCtrlTrfSetupHandler		CODE           	254C	0000	145
		_USBCtrlTrfOutHandler		CODE           	279C	0000	93
		_USBCtrlEPServiceComplete		CODE           	1EE8	0000	225
		_USBSuspend    		CODE           	2C6A	0000	45
		_USBStdSetCfgHandler		CODE           	1FC8	0000	213
		_USBStdGetStatusHandler		CODE           	222C	0000	193
		_USBWakeFromSuspend		CODE           	2BAC	0000	51
		_USBCtrlTrfRxService		CODE           	1442	0000	305
		_USBCtrlTrfTxService		CODE           	209C	0000	205
		_USBEnableEndpoint		CODE           	2B74	0000	57
		_USBConfigureEndpoint		CODE           	24B8	0000	149
		_USBDeviceInit 		CODE           	1572	0000	301
		_USBIncrement1msInternalTimers		CODE           	2CBC	0000	31
		_USBCtrlEPService		CODE           	2422	0000	151
		_USBStallHandler		CODE           	29C6	0000	67
		_USBDeviceTasks		CODE           	17CA	0000	293
		_USBCheckStdRequest		CODE           	1E04	0000	229

usb/usb_device.c estimated size: 4592

shared
		_configDescriptor1		SMALLCONST     	0848	0000	58
		_USB_CD_Ptr    		SMALLCONST     	0807	0000	3
		_sd001         		SMALLCONST     	0881	0000	53
		i2_BUTTON_Enable		CODE           	2C3C	0000	47
		_sd002         		SMALLCONST     	08B5	0000	29
		i2_USBDeviceInit		CODE           	169E	0000	301
		__initialization		CODE           	27F8	0000	73
		_device_dsc    		SMALLCONST     	08D1	0000	19
		i2_LED_On      		CODE           	2B00	0000	59
		i2_LED_Off     		CODE           	2B3A	0000	59
		i2_SYSTEM_Initialize		CODE           	28A2	0000	81
		_USB_SD_Ptr    		SMALLCONST     	0801	0000	7
		i2_LED_Enable  		CODE           	293C	0000	71
		_hid_rpt01     		SMALLCONST     	0809	0000	64
		i2_memset      		CODE           	1310	0000	307
		_sd000         		SMALLCONST     	08E3	0000	5
		i2_USBTransferOnePacket		CODE           	1C18	0000	259
		i2_APP_KeyboardProcessOutputReport		CODE           	2AC2	0000	63

shared estimated size: 1558

device_keyboard.c
		_APP_KeyboardProcessOutputReport		CODE           	2A08	0000	63
		_APP_KeyboardInit		CODE           	2736	0000	103
		_USBHIDCBSetIdleRateHandler		CODE           	2D0C	0000	19
		_ProcessKeyboard		CODE           	25DC	0000	133
		_USBHIDCBSetReportHandler		CODE           	2CDA	0000	31
		_APP_KeyboardTasks		CODE           	08E8	0000	951
		_AddToSendList 		CODE           	2C96	0000	39
		_ProcessLine   		CODE           	26CC	0000	107
		_USBHIDCBSetReportComplete		CODE           	2D1E	0000	11
		_SortSendList  		CODE           	18EE	0000	281

device_keyboard.c estimated size: 1738

usb/usb_events.c
		_USER_USB_CALLBACK_EVENT_HANDLER		CODE           	238A	0000	153

usb/usb_events.c estimated size: 153

leds.c
		_LED_Off       		CODE           	2A84	0000	63
		_LED_On        		CODE           	2A46	0000	63
		_LED_Enable    		CODE           	28F2	0000	75

leds.c estimated size: 201

status_led.c
		_APP_LEDUpdateUSBStatus		CODE           	2660	0000	109

status_led.c estimated size: 109

main.c
		_main          		CODE           	2CF8	0000	21

main.c estimated size: 21

system.c
		_SYS_InterruptHigh		CODE           	0008	0000	107
		_SYSTEM_Initialize		CODE           	284E	0000	85

system.c estimated size: 192

/opt/microchip/xc8/v2.05/pic/sources/c99/common/memcpy.c
		_memcpy        		CODE           	2982	0000	69

/opt/microchip/xc8/v2.05/pic/sources/c99/common/memcpy.c estimated size: 69

